
     ######################################################################
   ##########################################################################
  ###                                                                      ###
 ###            TINKER  ---  Software Tools for Molecular Design            ###
 ##                                                                          ##
 ##                        Version 8.4  February 2018                        ##
 ##                                                                          ##
 ##               Copyright (c)  Jay William Ponder  1990-2018               ##
 ###                           All Rights Reserved                          ###
  ###                                                                      ###
   ##########################################################################
     ######################################################################


 Total Potential Energy :                 -2.6773 Kcal/mole

 Energy Component Breakdown :           Kcal/mole        Interactions

 Bond Stretching                           2.1090               10
 Angle Bending                             0.1953               18
 Stretch-Bend                             -0.2167               18
 Torsional Angle                          -6.5850               18
 Van der Waals                             1.8200               27

 Total Electric Charge :                  0.00000 Electrons

 Dipole Moment Magnitude :                  0.000 Debyes

 Dipole X,Y,Z-Components :                  0.000        0.000        0.000

 Quadrupole Moment Tensor :                 0.000        0.000        0.000
      (Buckinghams)                         0.000        0.000        0.000
                                            0.000        0.000        0.000

 Principal Axes Quadrupole :                0.000        0.000        0.000

 Radius of Gyration :                       1.655 Angstroms

 Center of Mass Coordinates :            1.308734    -2.477045     0.828687
 Euler Angles (Phi/Theta/Psi) :          -160.530       30.000      -54.735

 Moments of Inertia and Principal Axes :

             Moments (amu Ang^2)            X-, Y- and Z-Components of Axes

                     17.464             -0.816500     0.577345    -0.000029
                     58.092             -0.288655    -0.408269    -0.866022
                     66.324             -0.500006    -0.707099     0.500005
