
 Diagonal Hessian Elements  (3 per Atom)

   1293.5738   1227.6764   1043.2340    170.9151    709.7288     98.2853
    170.9405    249.0785    558.9282    787.2175     90.4867     98.1536
    944.4021   1303.8717   1124.6027    185.1816    713.8568    102.2987
    185.2029    254.8179    561.3163    906.2338   1324.5052   1333.7449
    181.3421    240.5320    557.0899    176.6287    244.1648    555.0644
    181.2772    712.0515     85.5836

 Off-diagonal Hessian Elements for Atom     1 X

    -65.8964   -114.1621   -170.1479    209.6254      0.6475   -170.1556
   -104.2560    181.8732   -750.3905      1.7223      2.9691   -195.1270
    -24.7344    -42.8483     11.0210      7.1673     11.7887     11.0222
      6.6269     12.1034    -18.1525    -27.6276    -47.8467     -5.7570
     -3.2825     -1.0227     -0.1747     -0.0948     -0.1638     -5.7117
      0.7499     -3.3382

 Off-diagonal Hessian Elements for Atom     1 Y

   -159.7187    207.5202   -675.4378      2.9695   -104.2420   -242.4345
    257.0505      4.0928    -96.9996      3.1481    -22.8923   -214.3123
    -64.8020    -25.7909    -14.9009    -54.3781      6.6264     15.7066
     17.1151      3.2095      1.8622     -1.5938     -3.2825     -1.8391
     -1.0086     -0.0948      0.0888     -0.1572      0.7499      0.5904
      1.3751

 Off-diagonal Hessian Elements for Atom     1 Z

     -0.5517      7.0628    -92.3135    179.4503    252.9572   -525.3089
      7.0749      3.1481    -93.3643    -39.6501    -64.8041   -289.1335
     -7.2386     -0.5558     -5.8055    -25.9556    -36.7052    -36.4143
      5.5577     -1.5863      0.0326     -1.0227     -0.0320      0.8007
     -0.1638     -0.1568     -0.0918     -3.3382      0.3908     -1.6356

 Off-diagonal Hessian Elements for Atom     2 X

   -217.9873     10.5644      9.3269    -24.2973     -1.2888    -14.5840
     65.5022      0.0000     11.0347    -27.1467     -6.4615     -0.8011
     -0.2749      0.4914     -1.5830      1.4013      0.2382     -2.4997
     -4.0507     -1.8937     -0.0426     -0.0414     -0.0071      0.0037
      0.0080      0.0076     -1.6221     -0.6333     -1.0987

 Off-diagonal Hessian Elements for Atom     2 Y

      2.3804     11.0319    -22.2632     -5.1921     -5.1562      6.7499
      0.0000      7.1723    -15.3802     -0.2812     -0.2749     -0.1987
      0.1288     -0.4943     -0.1728     -1.4654     -3.2502     -2.9268
     -2.2453     -0.0414     -0.0497     -0.0077      0.0080      0.0051
      0.0083     -0.6333     -0.0546     -0.3884

 Off-diagonal Hessian Elements for Atom     2 Z

    -21.6855     52.5005      5.0499      0.0000      0.0000     -0.0524
     12.1036    -53.4335     -6.4793      0.4914      0.1287     -0.3224
      1.3326     -2.2393     -2.3116     -2.3559     -1.9185     -1.3498
     -0.0071     -0.0077     -0.0059      0.0076      0.0083      0.0042
     -1.0987     -0.3884     -0.5045

 Off-diagonal Hessian Elements for Atom     3 X

    118.1514   -183.4998    -14.5851    -32.7508     56.7263     11.0349
      7.9772    -26.7405     -1.5828     -0.4942      1.3325     -0.8011
      0.5630      0.0076     -2.4994      0.3856     -4.4546     -1.6404
     -0.6390     -1.1086      0.0037      0.0026      0.0107     -0.0416
      0.0142     -0.0384

 Off-diagonal Hessian Elements for Atom     3 Y

   -263.5657      2.5784      1.6488     -2.9465      6.8965     14.5544
    -36.1502      1.4012     -0.1729     -2.2393      0.5630     -0.4030
      0.0108     -0.4150      0.0589     -0.1944     -0.6390     -0.0540
     -0.3910      0.0026     -0.0028      0.0038      0.0142     -0.0101
      0.0147

 Off-diagonal Hessian Elements for Atom     3 Z

     -4.4657     -2.9457      5.0499     12.2640     17.0014    -36.4142
      0.2382     -1.4655     -2.3118      0.0076      0.0108     -0.1181
     -3.9924     -0.5212     -4.3354     -1.1086     -0.3910     -0.5070
      0.0107      0.0038      0.0120     -0.0384      0.0147     -0.0446

 Off-diagonal Hessian Elements for Atom     4 X

     -1.2001     -2.0635     -6.1686      1.0905      1.8885     -0.6145
     -1.1893     -0.8620     -0.6145     -0.1519     -1.4611     -0.3007
     -0.0724     -0.1253      0.0174      0.0074      0.0023      0.0057
      0.0025      0.0043      0.0174     -0.0017      0.0076

 Off-diagonal Hessian Elements for Atom     4 Y

      6.6397    -31.8680      1.2654     -6.4192     -3.0849     -2.1255
     -0.0583      1.7435     -1.1412     -0.2639     -0.0724      0.1205
     -0.1023      0.0074     -0.0010      0.0008      0.0025     -0.0004
      0.0015     -0.0017     -0.0035     -0.0006

 Off-diagonal Hessian Elements for Atom     4 Z

    -55.1977     -6.4184     -6.1471      0.2323     -0.8322     -1.3273
     -2.5554      0.5099     -2.3118     -0.1253     -0.1023      0.0024
      0.0023      0.0008     -0.0034      0.0043      0.0015      0.0013
      0.0076     -0.0006     -0.0009

 Off-diagonal Hessian Elements for Atom     5 X

    -64.0230   -110.9215   -168.4528    204.6187      1.3891   -168.4729
   -101.1154    177.9240   -341.8837      1.2080      2.0895    -28.7899
      5.0732     -8.8250    -28.7892      5.1072      8.8047    -28.7876
    -10.1772      0.0194

 Off-diagonal Hessian Elements for Atom     5 Y

   -155.2541    206.9892   -687.0757      3.6508   -103.4905   -251.3082
    259.0734      3.0516   -177.6292     -1.2186    -27.4993      6.3016
     -3.6042    -27.9554      6.9428      3.3752     55.7407     12.7695
      1.6320

 Off-diagonal Hessian Elements for Atom     5 Z

      0.0259      7.5273    -99.6370    179.2899    255.2078   -535.3844
      5.2868     -1.2993   -179.0595     48.4834     -2.0326     11.6650
    -48.2214      3.4028     10.7960      0.2187      0.1007      5.1915

 Off-diagonal Hessian Elements for Atom     6 X

   -212.0101      7.5517      9.3269    -24.2982     -1.2887    -28.7876
     55.7401     -0.0059     -2.6010      0.6349      1.0971     -2.6216
      0.6357     -1.1034     -0.0679      0.0578     -0.0000

 Off-diagonal Hessian Elements for Atom     6 Y

      0.3915     11.0314    -22.2627     -5.1919    -10.1773     12.7662
     -0.0020      0.6349      0.0829     -0.2464      0.6357      0.0856
      0.2462      0.0578     -0.0551      0.0000

 Off-diagonal Hessian Elements for Atom     6 Z

    -21.6847     52.5007      5.0494     -0.0002      0.0276      6.3359
      1.0970     -2.5785     -1.5407     -1.1034      2.5570     -1.5400
     -0.0000     -0.0023     -1.1992

 Off-diagonal Hessian Elements for Atom     7 X

    112.5427   -179.8616    -28.7899    -27.8636     48.2738     -0.0679
     -0.0289      0.0501     -2.6011     -1.2675      0.0012     -2.6217
      0.6379      1.1021

 Off-diagonal Hessian Elements for Atom     7 Y

   -264.5931      5.0902      7.9553     -2.8071     -0.0289     -0.9142
     -0.4937     -1.2676     -2.3579      1.1692      0.6379      0.0802
     -2.5601

 Off-diagonal Hessian Elements for Atom     7 Z

     -8.8152     -2.7768     11.1490      0.0501     -0.4960     -0.3402
      0.0012     -1.1629      0.9003      1.1022     -0.2493     -1.5345

 Off-diagonal Hessian Elements for Atom     8 X

      2.5825      4.4386   -161.1154    -99.7572    173.5585   -161.1093
   -100.4208   -173.1663   -161.0954    200.1590     -0.3862

 Off-diagonal Hessian Elements for Atom     8 Y

      8.0007   -102.3959   -240.5924    252.4341   -102.8053   -245.2774
   -252.5663    204.8993   -680.8425      0.3084

 Off-diagonal Hessian Elements for Atom     8 Z

    177.5101    252.2188   -536.1971   -177.2639   -252.5710   -534.3677
     -0.7217      0.5149    -95.9552

 Off-diagonal Hessian Elements for Atom     9 X

    109.0297   -182.8754      9.3278     13.2252    -20.4232      9.3269
     10.9897    -21.7058

 Off-diagonal Hessian Elements for Atom     9 Y

   -270.2841     13.3043     18.7056    -28.9507    -24.3006    -22.1718
     52.5530

 Off-diagonal Hessian Elements for Atom     9 Z

     20.3729     28.7405    -35.9198     -1.2421     -5.1396      4.9585

 Off-diagonal Hessian Elements for Atom    10 X

    107.0967    184.6925      9.3265     11.0732     21.6634

 Off-diagonal Hessian Elements for Atom    10 Y

    271.6250    -24.2948    -22.3541    -52.4482

 Off-diagonal Hessian Elements for Atom    10 Z

      1.3358      5.2450      5.1411

 Off-diagonal Hessian Elements for Atom    11 X

   -212.8693      3.7750

 Off-diagonal Hessian Elements for Atom    11 Y

     -0.4860
